Microchip MPLAB XC8 Compiler V2.46

Linker command line:

-W-3 \
  --edf=C:\Program Files\Microchip\xc8\v2.46\pic\dat\20240104201356_en.msgs \
  -cn -h+dist/default/debug\code.debug.sym \
  --cmf=dist/default/debug\code.debug.cmf -z -Q18F4620 \
  -oC:\Users\ah427\AppData\Local\Temp\xcAsk8.\driver_tmp_3.o \
  --defsym=__MPLAB_BUILD=1 --fixupoverflow=error \
  -Mdist/default/debug/code.debug.map \
  --md=C:\Users\ah427\AppData\Local\Temp\xcAsk8.\driver_tmp_0.dat -E1 \
  -ver=XC8 Compiler --acfsm=1493 -ACODE=00h-0FFFFh -ACONST=00h-0FFFFh \
  -ASMALLCONST=01000h-010FFhx240 -AMEDIUMCONST=01000h-0FFFFh \
  -ACOMRAM=01h-07Fh -AABS1=00h-0F7Fh -ABIGRAM=01h-0F7Fh \
  -ARAM=080h-0FFh,0100h-01FFhx14,0F00h-0F7Fh -ABANK0=080h-0FFh \
  -ABANK1=0100h-01FFh -ABANK2=0200h-02FFh -ABANK3=0300h-03FFh \
  -ABANK4=0400h-04FFh -ABANK5=0500h-05FFh -ABANK6=0600h-06FFh \
  -ABANK7=0700h-07FFh -ABANK8=0800h-08FFh -ABANK9=0900h-09FFh \
  -ABANK10=0A00h-0AFFh -ABANK11=0B00h-0BFFh -ABANK12=0C00h-0CFFh \
  -ABANK13=0D00h-0DFFh -ABANK14=0E00h-0EFFh -ABANK15=0F00h-0F7Fh \
  -ASFR=0F80h-0FFFh -ABIGSFR=0F80h-0FFFh -ACONFIG=0300000h-030000Dh \
  -AIDLOC=0200000h-0200007h -AEEDATA=0F00000h-0F003FFh -peeprom_data=EEDATA \
  -preset_vec=00h,intcode,sivt_hi,intcodelo,sivt_lo,powerup,init \
  -pramtop=01000h -psmallconst=SMALLCONST -pmediumconst=MEDIUMCONST \
  -pconst=CONST -AFARRAM=00h-00h \
  -prdata=COMRAM,nvrram=COMRAM,nvbit=COMRAM,rbss=COMRAM,rbit=COMRAM \
  -pfarbss=FARRAM,fardata=FARRAM,nvFARRAM=FARRAM \
  -pintsave_regs=BIGRAM,bigbss=BIGRAM,bigdata=BIGRAM -pbss=RAM \
  -pidata=CODE,irdata=CODE,ibigdata=CODE,ifardata=CODE -prparam=COMRAM \
  C:\Users\ah427\AppData\Local\Temp\xcAsk8.\driver_tmp_9.o \
  dist/default/debug\code.debug.o 

Object code version is 3.11

Machine type is 18F4620



                Name                               Link     Load   Length Selector   Space Scale
C:\Users\ah427\AppData\Local\Temp\xcAsk8.\driver_tmp_9.o
                idloc                            200000   200000        8        0       5
                config                           300000   300000        E        0       4
                init                                  4        4        4        0       0
                reset_vec                             0        0        4        0       0
dist/default/debug\code.debug.o
                idloc                            200000   200000        8        0       5
                config                           300000   300000        E        0       4
                smallconst                         1000     1000        2      800       0
                text9                              14B2     14B2       62      801       0
                text8                              114E     114E      126      801       0
                text7                              1274     1274      124      801       0
                text6                              1438     1438       7A      801       0
                text5                              15D8     15D8       2A      801       0
                text4                              1514     1514       42      801       0
                text3                              1398     1398       A0      801       0
                text2                              15AE     15AE       2A      801       0
                text1                              1556     1556       2E      801       0
                text0                              1002     1002      14C      801       0
                cstackCOMRAM                         27       27        E        1       1
                dataCOMRAM                            1        1       26        1       1
                cinit                              1584     1584       2A      801       0
                idataCOMRAM                        1602     1602       26      801       0

TOTAL           Name                               Link     Load   Length     Space
        CLASS   CODE           
                init                                  4        4        4         0
                reset_vec                             0        0        4         0
                text9                              14B2     14B2       62         0
                text8                              114E     114E      126         0
                text7                              1274     1274      124         0
                text6                              1438     1438       7A         0
                text5                              15D8     15D8       2A         0
                text4                              1514     1514       42         0
                text3                              1398     1398       A0         0
                text2                              15AE     15AE       2A         0
                text1                              1556     1556       2E         0
                text0                              1002     1002      14C         0
                cinit                              1584     1584       2A         0
                idataCOMRAM                        1602     1602       26         0

        CLASS   CONST          

        CLASS   SMALLCONST     
                smallconst                         1000     1000        2         0

        CLASS   MEDIUMCONST    

        CLASS   COMRAM         
                cstackCOMRAM                         27       27        E         1
                dataCOMRAM                            1        1       26         1

        CLASS   ABS1           

        CLASS   BIGRAM         

        CLASS   RAM            

        CLASS   BANK0          

        CLASS   BANK1          

        CLASS   BANK2          

        CLASS   BANK3          

        CLASS   BANK4          

        CLASS   BANK5          

        CLASS   BANK6          

        CLASS   BANK7          

        CLASS   BANK8          

        CLASS   BANK9          

        CLASS   BANK10         

        CLASS   BANK11         

        CLASS   BANK12         

        CLASS   BANK13         

        CLASS   BANK14         

        CLASS   BANK15         

        CLASS   SFR            

        CLASS   BIGSFR         

        CLASS   CONFIG         
                config                           300000   300000        E         4

        CLASS   IDLOC          
                idloc                            200000   200000        8         5

        CLASS   EEDATA         

        CLASS   FARRAM         

        CLASS   HEAP           

        CLASS   STACK          



SEGMENTS        Name                           Load    Length   Top    Selector   Space  Class

                reset_vec                      000000  000008  000008         0       0  CODE    
                dataCOMRAM                     000001  000034  000035         1       1  COMRAM  
                smallconst                     001000  000002  001002       800       0  SMALLCON
                text0                          001002  000626  001628       801       0  CODE    


UNUSED ADDRESS RANGES

        Name                Unused          Largest block    Delta
        BANK0            000080-0000FF               80
        BANK1            000100-0001FF              100
        BANK10           000A00-000AFF              100
        BANK11           000B00-000BFF              100
        BANK12           000C00-000CFF              100
        BANK13           000D00-000DFF              100
        BANK14           000E00-000EFF              100
        BANK15           000F00-000F7F               80
        BANK2            000200-0002FF              100
        BANK3            000300-0003FF              100
        BANK4            000400-0004FF              100
        BANK5            000500-0005FF              100
        BANK6            000600-0006FF              100
        BANK7            000700-0007FF              100
        BANK8            000800-0008FF              100
        BANK9            000900-0009FF              100
        BIGRAM           000035-000F7F              F4B
        BIGSFR           000F80-000FFF               80
        CODE             000008-000FFF              FF8
                         001628-00FFFF             E9D8
        COMRAM           000035-00007F               4B
        CONST            000008-000FFF              FF8
                         001628-00FFFF             E9D8
        EEDATA           F00000-F003FF              400
        MEDIUMCONST      001628-00FFFF             E9D8
        RAM              000080-000F7F              100
        SFR              000F80-000FFF               80
        SMALLCONST       001628-00FFFF              100

                                  Symbol Table

_LATA                                     (abs)        000F89
_LATB                                     (abs)        000F8A
_LATC                                     (abs)        000F8B
_LATD                                     (abs)        000F8C
_LATE                                     (abs)        000F8D
_PORTA                                    (abs)        000F80
_PORTB                                    (abs)        000F81
_PORTC                                    (abs)        000F82
_PORTD                                    (abs)        000F83
_PORTE                                    (abs)        000F84
_TRISA                                    (abs)        000F92
_TRISB                                    (abs)        000F93
_TRISC                                    (abs)        000F94
_TRISD                                    (abs)        000F95
_TRISE                                    (abs)        000F96
__HRAM                                    (abs)        000000
__H__absolute__                           __absolute__ 000000
__Habs1                                   abs1         000000
__Hbank0                                  bank0        000000
__Hbank1                                  bank1        000000
__Hbank10                                 bank10       000000
__Hbank11                                 bank11       000000
__Hbank12                                 bank12       000000
__Hbank13                                 bank13       000000
__Hbank14                                 bank14       000000
__Hbank15                                 bank15       000000
__Hbank2                                  bank2        000000
__Hbank3                                  bank3        000000
__Hbank4                                  bank4        000000
__Hbank5                                  bank5        000000
__Hbank6                                  bank6        000000
__Hbank7                                  bank7        000000
__Hbank8                                  bank8        000000
__Hbank9                                  bank9        000000
__Hbigbss                                 bigbss       000000
__Hbigdata                                bigdata      000000
__Hbigram                                 bigram       000000
__Hbigsfr                                 bigsfr       000000
__Hbss                                    bss          000000
__Hcinit                                  cinit        000000
__Hclrtext                                clrtext      000000
__Hcomram                                 comram       000000
__Hconfig                                 config       30000E
__Hconst                                  const        000000
__HcstackCOMRAM                           cstackCOMRAM 000000
__Hdata                                   data         000000
__HdataCOMRAM                             dataCOMRAM   000000
__Heeprom_data                            eeprom_data  000000
__Hfarbss                                 farbss       000000
__Hfardata                                fardata      000000
__Hheap                                   heap         000000
__Hibigdata                               ibigdata     000000
__Hidata                                  idata        000000
__HidataCOMRAM                            idataCOMRAM  000000
__Hidloc                                  idloc        200008
__Hifardata                               ifardata     000000
__Hinit                                   init         000008
__Hintcode                                intcode      000004
__Hintcode_body                           intcode_body 000000
__Hintcodelo                              intcodelo    000004
__Hintentry                               intentry     000000
__Hintret                                 intret       000000
__Hintsave_regs                           intsave_regs 000000
__Hirdata                                 irdata       000000
__Hmediumconst                            mediumconst  000000
__HnvFARRAM                               nvFARRAM     000000
__Hnvbit                                  nvbit        000000
__Hnvrram                                 nvrram       000000
__Hparam                                  rparam       000000
__Hpowerup                                powerup      000004
__Hram                                    ram          000000
__Hramtop                                 ramtop       001000
__Hrbit                                   rbit         000000
__Hrbss                                   rbss         000000
__Hrdata                                  rdata        000000
__Hreset_vec                              reset_vec    000004
__Hrparam                                 rparam       000000
__Hsfr                                    sfr          000000
__Hsivt_hi                                sivt_hi      000004
__Hsivt_lo                                sivt_lo      000004
__Hsmallconst                             smallconst   001002
__Hspace_0                                (abs)        001628
__Hspace_1                                (abs)        000035
__Hspace_2                                (abs)        000000
__Hspace_4                                (abs)        60000E
__Hstack                                  stack        000000
__Hstruct                                 struct       000000
__Htemp                                   temp         000000
__Htext                                   text         000000
__Htext0                                  text0        000000
__Htext1                                  text1        000000
__Htext2                                  text2        000000
__Htext3                                  text3        000000
__Htext4                                  text4        000000
__Htext5                                  text5        000000
__Htext6                                  text6        000000
__Htext7                                  text7        000000
__Htext8                                  text8        000000
__Htext9                                  text9        000000
__LRAM                                    (abs)        000001
__L__absolute__                           __absolute__ 000000
__Labs1                                   abs1         000000
__Lbank0                                  bank0        000000
__Lbank1                                  bank1        000000
__Lbank10                                 bank10       000000
__Lbank11                                 bank11       000000
__Lbank12                                 bank12       000000
__Lbank13                                 bank13       000000
__Lbank14                                 bank14       000000
__Lbank15                                 bank15       000000
__Lbank2                                  bank2        000000
__Lbank3                                  bank3        000000
__Lbank4                                  bank4        000000
__Lbank5                                  bank5        000000
__Lbank6                                  bank6        000000
__Lbank7                                  bank7        000000
__Lbank8                                  bank8        000000
__Lbank9                                  bank9        000000
__Lbigbss                                 bigbss       000000
__Lbigdata                                bigdata      000000
__Lbigram                                 bigram       000000
__Lbigsfr                                 bigsfr       000000
__Lbss                                    bss          000000
__Lcinit                                  cinit        000000
__Lclrtext                                clrtext      000000
__Lcomram                                 comram       000000
__Lconfig                                 config       000000
__Lconst                                  const        000000
__LcstackCOMRAM                           cstackCOMRAM 000000
__Ldata                                   data         000000
__LdataCOMRAM                             dataCOMRAM   000000
__Leeprom_data                            eeprom_data  000000
__Lfarbss                                 farbss       000000
__Lfardata                                fardata      000000
__Lheap                                   heap         000000
__Libigdata                               ibigdata     000000
__Lidata                                  idata        000000
__LidataCOMRAM                            idataCOMRAM  000000
__Lidloc                                  idloc        000000
__Lifardata                               ifardata     000000
__Linit                                   init         000004
__Lintcode                                intcode      000004
__Lintcode_body                           intcode_body 000000
__Lintcodelo                              intcodelo    000004
__Lintentry                               intentry     000000
__Lintret                                 intret       000000
__Lintsave_regs                           intsave_regs 000000
__Lirdata                                 irdata       000000
__Lmediumconst                            mediumconst  000000
__LnvFARRAM                               nvFARRAM     000000
__Lnvbit                                  nvbit        000000
__Lnvrram                                 nvrram       000000
__Lparam                                  rparam       000000
__Lpowerup                                powerup      000004
__Lram                                    ram          000000
__Lramtop                                 ramtop       001000
__Lrbit                                   rbit         000000
__Lrbss                                   rbss         000000
__Lrdata                                  rdata        000000
__Lreset_vec                              reset_vec    000000
__Lrparam                                 rparam       000000
__Lsfr                                    sfr          000000
__Lsivt_hi                                sivt_hi      000004
__Lsivt_lo                                sivt_lo      000004
__Lsmallconst                             smallconst   001000
__Lspace_0                                (abs)        000000
__Lspace_1                                (abs)        000000
__Lspace_2                                (abs)        000000
__Lspace_4                                (abs)        000000
__Lstack                                  stack        000000
__Lstruct                                 struct       000000
__Ltemp                                   temp         000000
__Ltext                                   text         000000
__Ltext0                                  text0        000000
__Ltext1                                  text1        000000
__Ltext2                                  text2        000000
__Ltext3                                  text3        000000
__Ltext4                                  text4        000000
__Ltext5                                  text5        000000
__Ltext6                                  text6        000000
__Ltext7                                  text7        000000
__Ltext8                                  text8        000000
__Ltext9                                  text9        000000
__S0                                      (abs)        001628
__S1                                      (abs)        000035
__S4                                      (abs)        000000
__S5                                      (abs)        000000
___heap_hi                                (abs)        000000
___heap_lo                                (abs)        000000
___inthi_sp                               stack        000000
___inthi_stack_hi                         stack        000000
___inthi_stack_lo                         stack        000000
___intlo_sp                               stack        000000
___intlo_stack_hi                         stack        000000
___intlo_stack_lo                         stack        000000
___param_bank                             (abs)        000000
___rparam_used                            (abs)        000001
___sp                                     stack        000000
___stack_hi                               stack        000000
___stack_lo                               stack        000000
__accesstop                               (abs)        000080
__activetblptr                            (abs)        000002
__end_of__initialization                  cinit        0015A4
__end_of_configure_pin                    text9        001514
__end_of_gpio_pin_direction_initialize    text8        001274
__end_of_gpio_pin_initialize              text6        0014B2
__end_of_gpio_pin_toggle_logic            text3        001438
__end_of_gpio_pin_write_logic             text7        001398
__end_of_initialization                   text4        001556
__end_of_led_initialize                   text5        001602
__end_of_led_toggle                       text2        0015D8
__end_of_led_turn_on                      text1        001584
__end_of_main                             text0        00114E
__initialization                          cinit        001584
__mediumconst                             mediumconst  000000
__pcinit                                  cinit        001584
__pcstackCOMRAM                           cstackCOMRAM 000027
__pdataCOMRAM                             dataCOMRAM   000001
__pidataCOMRAM                            idataCOMRAM  001602
__psmallconst                             smallconst   001000
__ptext0                                  text0        001002
__ptext1                                  text1        001556
__ptext2                                  text2        0015AE
__ptext3                                  text3        001398
__ptext4                                  text4        001514
__ptext5                                  text5        0015D8
__ptext6                                  text6        001438
__ptext7                                  text7        001274
__ptext8                                  text8        00114E
__ptext9                                  text9        0014B2
__ramtop                                  ramtop       001000
__smallconst                              smallconst   001000
_configure_pin                            text9        0014B2
_gpio_pin_direction_initialize            text8        00114E
_gpio_pin_initialize                      text6        001438
_gpio_pin_toggle_logic                    text3        001398
_gpio_pin_write_logic                     text7        001274
_initialization                           text4        001514
_lat_registers                            dataCOMRAM   000001
_led0                                     dataCOMRAM   000026
_led1                                     dataCOMRAM   000025
_led2                                     dataCOMRAM   000024
_led3                                     dataCOMRAM   000023
_led4                                     dataCOMRAM   000022
_led5                                     dataCOMRAM   000021
_led6                                     dataCOMRAM   000020
_led7                                     dataCOMRAM   00001F
_led_initialize                           text5        0015D8
_led_toggle                               text2        0015AE
_led_turn_on                              text1        001556
_main                                     text0        001002
_port_registers                           dataCOMRAM   00000B
_tris_registers                           dataCOMRAM   000015
configure_pin@_pin_config                 cstackCOMRAM 000027
configure_pin@led                         cstackCOMRAM 000028
end_of_initialization                     cinit        0015A4
gpio_pin_direction_initialize@_pin_config cstackCOMRAM 000027
gpio_pin_initialize@_pin_config           cstackCOMRAM 00002E
gpio_pin_initialize@ret                   cstackCOMRAM 000030
gpio_pin_toggle_logic@_pin_config         cstackCOMRAM 000027
gpio_pin_write_logic@_pin_config          cstackCOMRAM 000027
gpio_pin_write_logic@logic                cstackCOMRAM 000028
intlevel0                                 text         000000
intlevel1                                 text         000000
intlevel2                                 text         000000
intlevel3                                 text         000000
isa$std                                   (abs)        000001
isa$xinst                                 (abs)        000000
led_initialize@_pin_config                cstackCOMRAM 000032
led_initialize@led                        cstackCOMRAM 000031
led_toggle@_pin_config                    cstackCOMRAM 00002D
led_toggle@led                            cstackCOMRAM 00002C
led_turn_on@_pin_config                   cstackCOMRAM 00002F
led_turn_on@led                           cstackCOMRAM 00002E
stackhi                                   (abs)        000000
stacklo                                   (abs)        000000
start                                     init         000004
start_initialization                      cinit        001584


MODULE INFORMATION

Module		Function		Class		Link	Load	Size
ECU/LED/led.c
		_configure_pin 		CODE           	14B2	0000	98
		_led_initialize		CODE           	15D8	0000	42
		_led_turn_on   		CODE           	1556	0000	46
		_led_toggle    		CODE           	15AE	0000	42

ECU/LED/led.c estimated size: 228

MCAL/GPIO/hal_gpio.c
		_gpio_pin_write_logic		CODE           	1274	0000	292
		_gpio_pin_direction_initialize		CODE           	114E	0000	294
		_gpio_pin_toggle_logic		CODE           	1398	0000	160
		_gpio_pin_initialize		CODE           	1438	0000	122

MCAL/GPIO/hal_gpio.c estimated size: 868

shared
		__initialization		CODE           	1584	0000	32

shared estimated size: 32

app.c
		_initialization		CODE           	1514	0000	66
		_main          		CODE           	1002	0000	332

app.c estimated size: 398

